// Jest Snapshot v1, https://goo.gl/fbAQLP

exports[`rendering snapshots should render valid snapshot 1`] = `
<div
  className="animated fadeIn"
>
  <PublicHeader
    isLoadingIconVisible={false}
    slug="my-slug"
    title="Test View"
  />
  <PublicThreadFilterSelect
    publicThreadFilter="ALL"
    setPublicThreadFilter={[MockFunction]}
  />
  <Row
    tag="div"
  >
    <Col
      tag="div"
      widths={
        Array [
          "xs",
          "sm",
          "md",
          "lg",
          "xl",
        ]
      }
    >
      <PublicThreadTable
        columns={
          Array [
            Object {},
            Object {},
            Object {},
            Object {},
          ]
        }
        isLoadingIconVisible={false}
        threads={
          Array [
            Object {},
            Object {},
            Object {},
          ]
        }
        view={
          Object {
            "id": "12345",
            "name": "Test View",
          }
        }
      />
    </Col>
  </Row>
  <Footer />
</div>
`;
