// Jest Snapshot v1, https://goo.gl/fbAQLP

exports[`rendering snapshots should render valid snapshot 1`] = `
<Row
  className="public-header"
  tag="div"
>
  <Col
    tag="div"
    widths={
      Array [
        "xs",
        "sm",
        "md",
        "lg",
        "xl",
      ]
    }
  >
    <a
      className="navbar-brand"
      href="/"
    >
      RPTHREADTRACKER.COM
    </a>
  </Col>
  <Col
    className="text-right"
    tag="div"
    widths={
      Array [
        "xs",
        "sm",
        "md",
        "lg",
        "xl",
      ]
    }
  >
    <h1
      className="navbar-brand"
      href="/public/my-slug"
    >
      My Title
    </h1>
  </Col>
</Row>
`;
