// Jest Snapshot v1, https://goo.gl/fbAQLP

exports[`rendering snapshots should render valid snapshot 1`] = `
<DropdownItem
  className="hidden-lg-up"
  onClick={[MockFunction]}
  onKeyDown={[MockFunction]}
  tag="button"
  toggle={true}
>
  <span
    role="button"
    tabIndex="-1"
  >
    Test Item
  </span>
</DropdownItem>
`;
