// Jest Snapshot v1, https://goo.gl/fbAQLP

exports[`rendering should render valid snapshot 1`] = `
<div>
  <div
    data-spec="email-field"
  >
    <AvField
      name="Email"
      onChange={[MockFunction]}
      placeholder="Email"
      type="text"
      validate={
        Object {
          "email": Object {
            "errorMessage": "Please enter a valid email.",
            "value": true,
          },
          "required": Object {
            "errorMessage": "You must enter an email.",
            "value": true,
          },
        }
      }
    />
  </div>
</div>
`;
