// Jest Snapshot v1, https://goo.gl/fbAQLP

exports[`rendering should render valid snapshot 1`] = `
<div>
  <div
    data-spec="new-password-field"
  >
    <AvField
      name="newPassword"
      onChange={[MockFunction]}
      placeholder="Password"
      type="password"
      validate={
        Object {
          "minLength": Object {
            "errorMessage": "Your password must be longer than 6 characters.",
            "value": 6,
          },
          "required": Object {
            "errorMessage": "You must enter a password.",
            "value": true,
          },
        }
      }
    />
  </div>
  <div
    data-spec="confirm-new-password-field"
  >
    <AvField
      name="confirmNewPassword"
      onChange={[MockFunction]}
      placeholder="Confirm Password"
      type="password"
      validate={
        Object {
          "match": Object {
            "errorMessage": "Your passwords must match.",
            "value": "newPassword",
          },
          "required": Object {
            "errorMessage": "You must confirm your password.",
            "value": true,
          },
        }
      }
    />
  </div>
</div>
`;
