// Jest Snapshot v1, https://goo.gl/fbAQLP

exports[`rendering snapshots should render valid snapshot if characters are not loaded 1`] = `
<LoadingIndicator
  data-spec="extension-handler-loader"
  style={
    Object {
      "height": 50,
      "left": "50%",
      "position": "absolute",
      "top": "50%",
      "transform": "translate(-50%, -50%)",
      "width": 50,
    }
  }
/>
`;

exports[`rendering snapshots should render valid snapshot if user and characters are loaded and modal has been closed 1`] = `
<div
  className="app flex-row align-items-center"
  data-spec="layout-app"
>
  <ModalContainer />
  <Container
    data-spec="extension-handler-success-message"
    tag="div"
  >
    <Row
      className="justify-content-center"
      tag="div"
    >
      <Col
        md="6"
        tag="div"
        widths={
          Array [
            "xs",
            "sm",
            "md",
            "lg",
            "xl",
          ]
        }
      >
        <Styled(Card)
          className="login-box p-4"
        >
          <CardBody
            className="card-body text-center"
            tag="div"
          >
            <p>
              You can now close this window.
            </p>
          </CardBody>
        </Styled(Card)>
      </Col>
    </Row>
  </Container>
</div>
`;

exports[`rendering snapshots should render valid snapshot if user and characters are loaded and modal open 1`] = `
<div
  className="app flex-row align-items-center"
  data-spec="layout-app"
>
  <ModalContainer />
</div>
`;

exports[`rendering snapshots should render valid snapshot if user is not loaded 1`] = `
<LoadingIndicator
  data-spec="extension-handler-loader"
  style={
    Object {
      "height": 50,
      "left": "50%",
      "position": "absolute",
      "top": "50%",
      "transform": "translate(-50%, -50%)",
      "width": 50,
    }
  }
/>
`;
