// Jest Snapshot v1, https://goo.gl/fbAQLP

exports[`rendering snapshots should render valid snapshot 1`] = `
<div
  className="app flex-row"
>
  <Connect(ReduxToastr) />
  <Container
    className="public-threads-container"
    tag="div"
  >
    <Component
      slug="my-slug"
    />
  </Container>
</div>
`;
