// Jest Snapshot v1, https://goo.gl/fbAQLP

exports[`rendering should render valid snapshot 1`] = `
<div
  className="app flex-row align-items-center"
>
  <Connect(ReduxToastr) />
  <Container
    className="public-threads-container"
    tag="div"
  >
    <header>
      <h1
        className="text-right"
      >
        Public Threads for Username
      </h1>
    </header>
    <Row
      tag="div"
    >
      <Col
        tag="div"
        widths={
          Array [
            "xs",
            "sm",
            "md",
            "lg",
            "xl",
          ]
        }
      >
        <Component
          slug="my-slug"
        />
      </Col>
    </Row>
  </Container>
</div>
`;
