// Jest Snapshot v1, https://goo.gl/fbAQLP

exports[`rendering should render valid snapshot 1`] = `
<div
  className="app flex-row align-items-center"
>
  <Connect(ReduxToastr) />
  <Container
    tag="div"
  >
    <Row
      className="justify-content-center"
      tag="div"
    >
      <Col
        md="6"
        tag="div"
        widths={
          Array [
            "xs",
            "sm",
            "md",
            "lg",
            "xl",
          ]
        }
      >
        <Switch>
          <Route
            component={[Function]}
            exact={true}
            name="Login"
            path="/login"
          />
          <Route
            component={[Function]}
            exact={true}
            name="Reset Password"
            path="/resetpassword"
          />
          <Route
            component={[Function]}
            exact={true}
            name="Forgot Password"
            path="/forgotpassword"
          />
          <Route
            component={[Function]}
            exact={true}
            name="Register"
            path="/register"
          />
        </Switch>
      </Col>
    </Row>
  </Container>
</div>
`;
