// Jest Snapshot v1, https://goo.gl/fbAQLP

exports[`rendering snapshots should render valid snapshot 1`] = `
<Styled(Card)
  className="at-a-glance-card"
>
  <CardHeader
    data-spec="at-a-glance-card-header"
    tag="div"
  >
    <i
      className="fas fa-search"
      data-spec="at-a-glance-card-icon"
    />
     At a Glance
    <Styled(Label)
      className="switch switch-sm switch-text switch-info float-right mb-0"
      htmlFor="at-a-glance-switch"
    >
      <Input
        checked={true}
        className="switch-input"
        data-spec="at-a-glance-card-toggle"
        id="at-a-glance-switch"
        onChange={[MockFunction]}
        type="checkbox"
      />
      <span
        className="switch-label"
        data-off="Off"
        data-on="On"
      />
      <span
        className="switch-handle"
      />
    </Styled(Label)>
  </CardHeader>
  <CardBlock
    className="card-body"
    data-spec="at-a-glance-card-body"
  >
    <CardGroup
      tag="div"
    >
      <DashboardSummaryWidget
        data-spec="at-a-glance-active-widget"
        header={6}
        href="/threads/all"
        icon="icon-list"
      >
        Active Threads
      </DashboardSummaryWidget>
      <DashboardSummaryWidget
        data-spec="at-a-glance-my-turn-widget"
        header={1}
        href="/threads/your-turn"
        icon="icon-pencil"
        isLoadingIconVisible={false}
      >
        Your Turn
      </DashboardSummaryWidget>
      <DashboardSummaryWidget
        data-spec="at-a-glance-their-turn-widget"
        header={2}
        href="/threads/their-turn"
        icon="icon-check"
        isLoadingIconVisible={false}
      >
        Their Turn
      </DashboardSummaryWidget>
      <DashboardSummaryWidget
        data-spec="at-a-glance-queued-widget"
        header={3}
        href="/threads/queued"
        icon="icon-calendar"
        isLoadingIconVisible={false}
      >
        Queued
      </DashboardSummaryWidget>
    </CardGroup>
  </CardBlock>
</Styled(Card)>
`;
