// Jest Snapshot v1, https://goo.gl/fbAQLP

exports[`object structure should have expected values 1`] = `
Object {
  "HELP": Object {
    "ABOUT": Object {
      "href": "/help/about",
      "name": "About RPThreadTracker",
    },
    "CONTACT": Object {
      "href": "/help/contact",
      "name": "Contact Me",
    },
    "FAQ": Object {
      "href": "/help/faq",
      "name": "FAQ",
    },
    "GUIDES": Object {
      "href": "/help/guides",
      "name": "Usage Guides",
    },
  },
  "SETTINGS": Object {
    "CHANGE_PASSWORD": Object {
      "href": "/settings/change-password",
      "name": "Change Password",
    },
    "CHANGE_USERNAME": Object {
      "href": "/settings/change-username",
      "name": "Change Username/Email",
    },
  },
  "TOOLS": Object {
    "BROWSER_EXTENSIONS": Object {
      "href": "/tools/extensions",
      "name": "Browser Extensions",
    },
    "EXPORT_THREADS": Object {
      "href": "/tools/export",
      "name": "Export Threads",
    },
    "MANAGE_PUBLIC_VIEWS": Object {
      "href": "/tools/public",
      "name": "Manage Public Views",
    },
  },
}
`;
