// Jest Snapshot v1, https://goo.gl/fbAQLP

exports[`rendering snapshots should render valid snapshot 1`] = `
<TabPane
  tabId="change-password"
  tag="div"
>
  <Styled(Card)>
    <CardHeader
      tag="div"
    >
      <i
        className="fas fa-key"
      />
       Change Password
    </CardHeader>
    <CardBlock
      className="card-body"
    >
      <AvForm
        data-spec="change-password-form-container"
        method="get"
        model={Object {}}
        onInvalidSubmit={[Function]}
        onKeyDown={[Function]}
        onSubmit={[Function]}
        onValidSubmit={[Function]}
        tag={[Function]}
        validationEvent={
          Array [
            "onChange",
            "onInput",
          ]
        }
      >
        <TooltipForm
          Renderable="ChangePasswordForm"
          handleInputChange={[Function]}
        />
        <Row
          tag="div"
        >
          <Col
            className="text-right"
            tag="div"
            widths={
              Array [
                "xs",
                "sm",
                "md",
                "lg",
                "xl",
              ]
            }
          >
            <Button
              color="primary"
              tag="button"
              type="submit"
            >
              Submit
            </Button>
          </Col>
        </Row>
      </AvForm>
    </CardBlock>
  </Styled(Card)>
</TabPane>
`;
