// Jest Snapshot v1, https://goo.gl/fbAQLP

exports[`rendering snapshots should render valid snapshot 1`] = `
<TabPane
  tabId="change-username"
  tag="div"
>
  <Card
    tag="div"
  >
    <CardHeader
      tag="div"
    >
      <i
        className="fas fa-user"
      />
       Change Username/Email
    </CardHeader>
    <CardBlock
      className="card-body"
      tag="div"
    >
      <AvForm
        data-spec="account-info-form-container"
        method="get"
        model={Object {}}
        onInvalidSubmit={[Function]}
        onKeyDown={[Function]}
        onSubmit={[Function]}
        onValidSubmit={[Function]}
        tag={[Function]}
        validationEvent={
          Array [
            "onChange",
            "onInput",
          ]
        }
      >
        <UpdateAccountInfoForm
          handleInputChange={[Function]}
          user={Object {}}
        />
        <Row
          tag="div"
        >
          <Col
            className="text-right"
            tag="div"
            widths={
              Array [
                "xs",
                "sm",
                "md",
                "lg",
                "xl",
              ]
            }
          >
            <Button
              color="primary"
              tag="button"
              type="submit"
            >
              Submit
            </Button>
          </Col>
        </Row>
      </AvForm>
    </CardBlock>
  </Card>
</TabPane>
`;
