// Jest Snapshot v1, https://goo.gl/fbAQLP

exports[`rendering snapshots should render valid snapshot 1`] = `
<div>
  <div
    data-spec="username-field"
  >
    <AvField
      name="username"
      onChange={[MockFunction]}
      placeholder="Username"
      type="text"
      validate={
        Object {
          "maxLength": Object {
            "errorMessage": "Your username is too long.",
            "value": 256,
          },
          "minLength": Object {
            "errorMessage": "Your username must be more than 3 characters.",
            "value": 3,
          },
          "required": Object {
            "errorMessage": "You must enter a username.",
            "value": true,
          },
        }
      }
    />
  </div>
  <div
    data-spec="email-field"
  >
    <AvField
      name="email"
      onChange={[MockFunction]}
      placeholder="Email"
      type="email"
      validate={
        Object {
          "email": Object {
            "errorMessage": "Please enter a valid email.",
            "value": true,
          },
          "required": Object {
            "errorMessage": "You must enter an email.",
            "value": true,
          },
        }
      }
    />
  </div>
  <div
    data-spec="password-field"
  >
    <Tooltip
      align={
        Object {
          "offset": Array [
            0,
            10,
          ],
        }
      }
      arrowContent={null}
      data-spec="password-tooltip"
      destroyTooltipOnHide={false}
      mouseEnterDelay={0}
      mouseLeaveDelay={0.1}
      overlay="Password must contain an uppercase character, a lowercase character, a numeric digit, and a symbol."
      overlayStyle={
        Object {
          "width": 300,
        }
      }
      placement="top"
      prefixCls="rc-tooltip"
      trigger={
        Array [
          "hover",
        ]
      }
    >
      <AvField
        name="password"
        onBlur={[MockFunction]}
        onChange={[MockFunction]}
        onFocus={[MockFunction]}
        placeholder="Password"
        type="password"
        validate={
          Object {
            "minLength": Object {
              "errorMessage": "Your password must be longer than 6 characters.",
              "value": 6,
            },
            "required": Object {
              "errorMessage": "You must enter a password.",
              "value": true,
            },
          }
        }
      />
    </Tooltip>
  </div>
  <div
    data-spec="confirm-password-field"
  >
    <AvField
      data-spec="confirm-password-field"
      name="confirmPassword"
      onChange={[MockFunction]}
      placeholder="Confirm Password"
      type="password"
      validate={
        Object {
          "match": Object {
            "errorMessage": "Your passwords must match.",
            "value": "password",
          },
          "required": Object {
            "errorMessage": "You must confirm your password.",
            "value": true,
          },
        }
      }
    />
  </div>
</div>
`;
