// Jest Snapshot v1, https://goo.gl/fbAQLP

exports[`rendering snapshots should render valid snapshot 1`] = `
<Style
  className="app-header navbar"
>
  <HeaderLogoBlock
    mobileSidebarToggle={[MockFunction]}
    sidebarToggle={[MockFunction]}
  />
  <Nav
    className="ml-auto"
    navbar={true}
    tag="ul"
  >
    <HeaderAsideToggle
      asideToggle={[MockFunction]}
      newsUnreadCount={2}
    />
    <HeaderAddMenuDropdown
      headerAddMenuDropdownToggle={[MockFunction]}
      isHeaderAddMenuDropdownOpen={true}
      logout={[MockFunction]}
      openNewThreadModal={[MockFunction]}
      openUpsertCharacterModal={[MockFunction]}
      user={
        Object {
          "id": "12345",
        }
      }
    />
    <HeaderProfileDropdown
      headerProfileDropdownToggle={[MockFunction]}
      isHeaderProfileDropdownOpen={true}
      logout={[MockFunction]}
      user={
        Object {
          "id": "12345",
        }
      }
    />
  </Nav>
</Style>
`;
