// Jest Snapshot v1, https://goo.gl/fbAQLP

exports[`rendering snapshots should render valid snapshot 1`] = `
<styled.div>
  <RTSelectTable
    SelectAllInputComponent={[Function]}
    SelectInputComponent={[Function]}
    SubComponent={[Function]}
    className="-striped"
    columns={
      Array [
        Object {
          "key": "column1",
        },
        Object {
          "key": "column2",
        },
      ]
    }
    data={
      Array [
        Object {
          "_id": 1,
          "testProp": "test1",
        },
        Object {
          "_id": 2,
          "testProp": "test2",
        },
        Object {
          "_id": 3,
          "testProp": "test3",
        },
      ]
    }
    defaultFilterMethod={[MockFunction]}
    defaultPageSize={10}
    defaultSorted={
      Array [
        Object {
          "desc": true,
          "id": "status.lastPostDate",
        },
      ]
    }
    getTdProps={[Function]}
    getTrProps={[Function]}
    isSelected={[Function]}
    keyField="_id"
    noDataText="No Data Text"
    onPageSizeChange={[MockFunction]}
    selectAll={false}
    selectType="checkbox"
    showPaginationTop={true}
    toggleAll={[Function]}
    toggleSelection={[Function]}
  />
</styled.div>
`;
