// Jest Snapshot v1, https://goo.gl/fbAQLP

exports[`rendering snapshots should render valid snapshot 1`] = `
<Styled(Nav)
  className="flex-column static-tab-nav"
  data-spec="static-tab-nav"
>
  <StaticTabNavItem
    data-spec="static-tab-nav-option"
    href="/test/mock-option-1"
    key="/test/mock-option-1"
    title="Mock Option 1"
  />
  <StaticTabNavItem
    data-spec="static-tab-nav-option"
    href="/test/mock-option-2"
    key="/test/mock-option-2"
    title="Mock Option 2"
  />
</Styled(Nav)>
`;
