// Jest Snapshot v1, https://goo.gl/fbAQLP

exports[`rendering snapshots should render valid snapshot 1`] = `
<NavItem
  tag="li"
>
  <NavLink
    activeClassName="active"
    aria-current="page"
    data-spec="static-tab-nav-item-navlink"
    to="/test/mock-tab"
  >
    Mock Tab
  </NavLink>
</NavItem>
`;
