// Jest Snapshot v1, https://goo.gl/fbAQLP

exports[`rendering snapshots should render valid snapshot 1`] = `
<Nav
  className="flex-column static-tab-nav"
  data-spec="static-tab-nav"
>
  <StaticTabNavItem
    activeTab="test-tab"
    data-spec="static-tab-nav-option"
    iconId="icon1"
    key="mock-option-1"
    setActiveTab={[MockFunction]}
    tabId="mock-option-1"
    title="Mock Option 1"
  />
  <StaticTabNavItem
    activeTab="test-tab"
    data-spec="static-tab-nav-option"
    iconId="icon2"
    key="mock-option-2"
    setActiveTab={[MockFunction]}
    tabId="mock-option-2"
    title="Mock Option 2"
  />
</Nav>
`;
