// Jest Snapshot v1, https://goo.gl/fbAQLP

exports[`rendering snapshots should render valid snapshot 1`] = `
<Style
  className="sidebar"
>
  <nav
    className="sidebar-nav"
  >
    <Nav
      tag="ul"
    >
      <NavItem
        key="0"
        tag="li"
      >
        <NavLink
          activeClassName="active"
          ariaCurrent="true"
          className="nav-link"
          to="/dashboard"
        >
          <i
            className="icon-speedometer"
          />
          Dashboard
        </NavLink>
      </NavItem>
      <li
        className="nav-title"
        key="1"
      >
        <span>
          Threads
        </span>
         
      </li>
      <NavItem
        key="2"
        tag="li"
      >
        <NavLink
          activeClassName="active"
          ariaCurrent="true"
          className="nav-link"
          to="/threads/all"
        >
          <i
            className="icon-list"
          />
          All Threads
        </NavLink>
      </NavItem>
      <NavItem
        key="3"
        tag="li"
      >
        <NavLink
          activeClassName="active"
          ariaCurrent="true"
          className="nav-link"
          to="/threads/your-turn"
        >
          <i
            className="icon-pencil"
          />
          Your Turn
        </NavLink>
      </NavItem>
      <NavItem
        key="4"
        tag="li"
      >
        <NavLink
          activeClassName="active"
          ariaCurrent="true"
          className="nav-link"
          to="/threads/their-turn"
        >
          <i
            className="icon-check"
          />
          Their Turn
        </NavLink>
      </NavItem>
      <NavItem
        key="5"
        tag="li"
      >
        <NavLink
          activeClassName="active"
          ariaCurrent="true"
          className="nav-link"
          to="/threads/archived"
        >
          <i
            className="icon-drawer"
          />
          Archived
        </NavLink>
      </NavItem>
      <NavItem
        key="6"
        tag="li"
      >
        <NavLink
          activeClassName="active"
          ariaCurrent="true"
          className="nav-link"
          to="/threads/queued"
        >
          <i
            className="icon-calendar"
          />
          Queued
        </NavLink>
      </NavItem>
      <li
        className="nav-title"
        key="7"
      >
        <span>
          Manage
        </span>
         
      </li>
      <NavItem
        key="8"
        tag="li"
      >
        <NavLink
          activeClassName="active"
          ariaCurrent="true"
          className="nav-link"
          to="/manage-characters"
        >
          <i
            className="icon-people"
          />
          Characters
        </NavLink>
      </NavItem>
      <NavItem
        key="9"
        tag="li"
      >
        <NavLink
          activeClassName="active"
          ariaCurrent="true"
          className="nav-link"
          to="/tools"
        >
          <i
            className="icon-wrench"
          />
          Tools
        </NavLink>
      </NavItem>
      <NavItem
        key="10"
        tag="li"
      >
        <NavLink
          activeClassName="active"
          ariaCurrent="true"
          className="nav-link"
          to="/settings"
        >
          <i
            className="icon-settings"
          />
          Settings
        </NavLink>
      </NavItem>
      <NavItem
        key="11"
        tag="li"
      >
        <NavLink
          activeClassName="active"
          ariaCurrent="true"
          className="nav-link"
          to="/help"
        >
          <i
            className="icon-info"
          />
          Help
        </NavLink>
      </NavItem>
    </Nav>
  </nav>
</Style>
`;
