// Jest Snapshot v1, https://goo.gl/fbAQLP

exports[`rendering snapshots should render valid snapshot 1`] = `
<TabPane
  tabId="guides"
  tag="div"
>
  <Styled(Card)>
    <CardHeader
      tag="div"
    >
      <i
        className="fas fa-play-circle"
      />
       Support Guides
    </CardHeader>
    <CardBlock
      className="card-body"
      tag="div"
    >
      <p>
        Intro Tutorial: How to Use RPThreadTracker ~
         
        <a
          href="https://youtu.be/R7psA53V-9E"
        >
          Video 
          <i
            className="fas fa-external-link-alt"
          />
        </a>
      </p>
    </CardBlock>
  </Styled(Card)>
</TabPane>
`;
