// Jest Snapshot v1, https://goo.gl/fbAQLP

exports[`rendering snapshots should render valid snapshot 1`] = `
<div
  className="animated fadeIn dashboard-container"
>
  <Row
    tag="div"
  >
    <Col
      tag="div"
      widths={
        Array [
          "xs",
          "sm",
          "md",
          "lg",
          "xl",
        ]
      }
    >
      <AtAGlanceCard
        activeThreads={
          Array [
            Object {
              "threadId": 1,
              "userTitle": "Active 1",
            },
            Object {
              "threadId": 2,
              "userTitle": "Active 2",
            },
            Object {
              "threadId": 3,
              "userTitle": "Active 3",
            },
          ]
        }
        data-spec="dashboard-at-a-glance-card"
        isLoadingIconVisible={true}
        myTurnThreads={
          Array [
            Object {
              "threadId": 5,
              "userTitle": "My Turn 1",
            },
            Object {
              "threadId": 6,
              "userTitle": "My Turn 2",
            },
          ]
        }
        queuedThreads={
          Array [
            Object {
              "threadId": 9,
              "userTitle": "Queued Turn 1",
            },
            Object {
              "threadId": 10,
              "userTitle": "Queued Turn 2",
            },
          ]
        }
        showDashboardThreadDistributionToggle={[Function]}
        theirTurnThreads={
          Array [
            Object {
              "threadId": 7,
              "userTitle": "Their Turn 1",
            },
            Object {
              "threadId": 8,
              "userTitle": "Their Turn 2",
            },
          ]
        }
      />
    </Col>
  </Row>
  <Row
    tag="div"
  >
    <Col
      md="6"
      tag="div"
      widths={
        Array [
          "xs",
          "sm",
          "md",
          "lg",
          "xl",
        ]
      }
      xs="12"
    >
      <RecentActivityCard
        allThreads={
          Array [
            Object {
              "threadId": 1,
              "userTitle": "Active 1",
            },
            Object {
              "threadId": 2,
              "userTitle": "Active 2",
            },
            Object {
              "threadId": 3,
              "userTitle": "Active 3",
            },
          ]
        }
        archiveThread={[Function]}
        characters={
          Array [
            Object {
              "characterId": 1,
              "characterName": "Character A",
            },
            Object {
              "characterId": 2,
              "characterName": "Character B",
            },
          ]
        }
        data-spec="dashboard-recent-activity-card"
        loadingInProgress={true}
        markThreadQueued={[Function]}
        openUntrackThreadModal={[MockFunction]}
        recentActivityThreads={
          Array [
            Object {
              "threadId": 11,
              "userTitle": "Recent 1",
            },
            Object {
              "threadId": 12,
              "userTitle": "Recent 2",
            },
          ]
        }
      />
    </Col>
    <Col
      md="6"
      tag="div"
      widths={
        Array [
          "xs",
          "sm",
          "md",
          "lg",
          "xl",
        ]
      }
      xs="12"
    >
      <YourCharactersCard
        characterThreadCounts={
          Object {
            "2": Array [
              Object {
                "threadId": 13,
                "userTitle": "By Character 1",
              },
              Object {
                "threadId": 14,
                "userTitle": "By Character 2",
              },
            ],
          }
        }
        characters={
          Array [
            Object {
              "characterId": 1,
              "characterName": "Character A",
            },
            Object {
              "characterId": 2,
              "characterName": "Character B",
            },
          ]
        }
        loadingInProgress={true}
      />
    </Col>
  </Row>
  <Row
    tag="div"
  >
    <Col
      md="6"
      tag="div"
      widths={
        Array [
          "xs",
          "sm",
          "md",
          "lg",
          "xl",
        ]
      }
      xs="12"
    >
      <RandomThreadCard
        data-spec="dashboard-random-thread-card"
        generateRandomThread={[MockFunction]}
        randomThread={
          Object {
            "threadId": 2,
            "userTitle": "My Random Thread",
          }
        }
      />
    </Col>
    <Col
      md="6"
      tag="div"
      widths={
        Array [
          "xs",
          "sm",
          "md",
          "lg",
          "xl",
        ]
      }
      xs="12"
    >
      <TrackerSupportCard />
    </Col>
  </Row>
</div>
`;
