// Jest Snapshot v1, https://goo.gl/fbAQLP

exports[`rendering snapshots should render valid snapshot 1`] = `
<Aside
  news={Array []}
/>
`;

exports[`rendering snapshots should render valid snapshot with news 1`] = `
<Aside
  news={
    Array [
      Object {
        "postId": "12345",
        "postTitle": "Test Title",
      },
      Object {
        "postId": "23456",
        "postTitle": "Test Title 2",
      },
      Object {
        "postId": "34567",
        "postTitle": "Test Title 3",
      },
    ]
  }
/>
`;
